// Jest Snapshot v1, https://goo.gl/fbAQLP

exports[`Basic test should render 1`] = `
<img
  alt="alt"
  src="foo"
/>
`;
